// Jest Snapshot v1, https://goo.gl/fbAQLP

exports[`should render an edit form 1`] = `
<div>
  <div>
    <h1>
      Add pet:
    </h1>
    <div
      class="update"
    >
      <form>
        <div
          class="control"
        >
          <label>
            name:
          </label>
          <input
            placeholder="Name"
            type="text"
            value=""
          />
        </div>
        <div
          class="control"
        >
          <label>
            species:
          </label>
          <input
            placeholder="species"
            type="text"
            value=""
          />
        </div>
        <div
          class="control"
        >
          <label>
            breed:
          </label>
          <input
            placeholder="Name"
            type="text"
            value=""
          />
        </div>
        <div
          class="control"
        >
          <label>
            age:
          </label>
          <input
            placeholder="age"
            type="number"
            value=""
          />
        </div>
        <div
          class="control"
        >
          <label>
            image(url):
          </label>
          <input
            placeholder="image"
            type="text"
            value=""
          />
        </div>
        <div
          class="control"
        >
          <label>
            bio:
          </label>
          <input
            placeholder="description"
            type="text"
            value=""
          />
        </div>
        <div
          class="button"
        >
          <button>
            Save
          </button>
        </div>
      </form>
    </div>
  </div>
</div>
`;
